
> client@0.1.0 build
> next build

node.exe : ΓÜá 
Warning: Next.js 
inferred your 
workspace root, but 
it may not be 
correct.
At line:1 char:1
+ & "C:\Program Files
\nodejs/node.exe" 
"C:\Users\Farhan 
Shaikh\AppData\ ...
+ ~~~~~~~~~~~~~~~~~~~
~~~~~~~~~~~~~~~~~~~~~
~~~~~~~~~~~~~~~~~~~~~
~~~~~~~~
    + CategoryInfo   
           : 
NotSpecified:     
(ΓÜá Warning: Ne...n 
   ot be 
correct.:Strin    g) 
[], RemoteExcepti    
on
    + 
FullyQualifiedErro   
 rId : 
NativeCommandE    
rror
 
 We detected 
multiple lockfiles 
and selected the 
directory of 
C:\Users\Farhan Shaik
h\package-lock.json 
as the root 
directory.
 To silence this 
warning, set 
`turbopack.root` in 
your Next.js config, 
or consider removing 
one of the lockfiles 
if it's not needed.
   See https://nextjs
.org/docs/app/api-ref
erence/config/next-co
nfig-js/turbopack#roo
t-directory for more 
information.
 Detected additional 
lockfiles: 
   * C:\Users\Farhan 
Shaikh\Spring Tool 
Suite Setup\vidyanves
ha-exams\client\packa
ge-lock.json

Γû▓ Next.js 16.1.6 (Turbopack)
- Environments: .env

  Creating an optimized production build ...
Γ£ô Compiled successfully in 6.8s
  Running TypeScript ...
Failed to compile.

./components/forms/qu
estion-builder.tsx:29
1:53
Type error: Type 
'string' is not 
assignable to type 
'QuestionType'.

[0m [90m 289 
|[39m               
                  [3
3m<[39m[33m/[39m[
33mdiv[39m[33m>[39
m
 [90m 290 |[39m    
                     
        {question[33
m.[39msnapshot 
[33m&&[39m (
[31m[1m>[22m[39m
[90m 291 |[39m      
                     
        [33m<[39m[
33mQuestionTypeIcon[
39m type[33m=[39m{q
uestion[33m.[39msna
pshot[33m.[39mquest
ion_type} [33m/[39m
[33m>[39m
 [90m     |[39m    
                     
                     
       
[31m[1m^[22m[39m
 [90m 292 |[39m    
                     
        )}
 [90m 293 |[39m    
                     
        [33m<[39m[
33mdiv[39m className
[33m=[39m[32m"text
-sm line-clamp-1"[39
m[33m>[39m
 [90m 294 |[39m    
                     
          {question[
33m.[39msnapshot[33
m?[39m[33m.[39mque
stion_text 
[33m||[39m 
[32m"New 
Question"[39m}[0m
Next.js build worker 
exited with code: 1 
and signal: null
